Microchip MPLAB XC8 Compiler V2.45

Linker command line:

-W-3 \
  --edf=C:\Program Files\Microchip\xc8\v2.45\pic\dat\20230818022343_en.msgs \
  -cn \
  -h+dist/default/production\ADC_Temperature_Sensor_LM35_Interfacing_LCD.production.sym \
  --cmf=dist/default/production\ADC_Temperature_Sensor_LM35_Interfacing_LCD.production.cmf \
  -z -Q16F877A -oC:\Users\moham\AppData\Local\Temp\xcAs77g.\driver_tmp_3.o \
  --defsym=__MPLAB_BUILD=1 --fixupoverflow=error \
  -Mdist/default/production/ADC_Temperature_Sensor_LM35_Interfacing_LCD.production.map \
  --md=C:\Users\moham\AppData\Local\Temp\xcAs77g.\driver_tmp_0.dat -E1 \
  -ver=XC8 Compiler --acfsm=1493 -ACODE=00h-07FFhx4 -ASTRCODE=00h-01FFFh \
  -ASTRING=00h-0FFhx32 -ACONST=00h-0FFhx32 -AENTRY=00h-0FFhx32 \
  -ACOMMON=070h-07Fh -ABANK0=020h-06Fh -ABANK1=0A0h-0EFh \
  -ABANK2=0110h-016Fh -ABANK3=0190h-01EFh \
  -ARAM=020h-06Fh,0A0h-0EFh,0110h-016Fh,0190h-01EFh \
  -AABS1=020h-07Fh,0A0h-0EFh,0110h-016Fh,0190h-01EFh -ASFR0=00h-01Fh \
  -ASFR1=080h-09Fh -ASFR2=0100h-010Fh -ASFR3=0180h-018Fh \
  -ACONFIG=02007h-02007h -DCONFIG=2 -AIDLOC=02000h-02003h -DIDLOC=2 \
  -AEEDATA=00h-0FFh/02100h -peeprom_data=EEDATA -DEEDATA=2 -DCODE=2 \
  -DSTRCODE=2 -DSTRING=2 -DCONST=2 -DENTRY=2 \
  -preset_vec=00h,intentry=04h,init,end_init -ppowerup=CODE -pcinit=CODE \
  -pfunctab=ENTRY -k \
  C:\Users\moham\AppData\Local\Temp\xcAs77g.\driver_tmp_17.o \
  dist/default/production\ADC_Temperature_Sensor_LM35_Interfacing_LCD.production.o 

Object code version is 3.11

Machine type is 16F877A



                Name                               Link     Load   Length Selector   Space Scale
C:\Users\moham\AppData\Local\Temp\xcAs77g.\driver_tmp_17.o
                end_init                             12       12        3        8       0
                reset_vec                             0        0        3        0       0
                config                             2007     2007        1        0       4
dist/default/production\ADC_Temperature_Sensor_LM35_Interfacing_LCD.production.o
                cinit                                15       15       27        8       0
                intentry                              4        4        E        8       0
                text13_split_1                       3C       3C      6FF        8       0
                config                             2007     2007        1        0       4
                text37                             1EFB     1EFB       22     3DF6       0
                text36                             1E79     1E79       15     3CF2       0
                text35                             114B     114B       49     2296       0
                text34                             10CE     10CE       3B     219C       0
                text33                             1109     1109       42     2212       0
                text32                              73B      73B       B8        8       0
                text31                              882      882      1D5     1104       0
                text30                             1194     1194       4E     2328       0
                text29                             1411     1411       A4     2822       0
                text28                             1FAF     1FAF       27     3F5E       0
                text27                              CBB      CBB      345     1976       0
                text26                              7F3      7F3        B        8       0
                text25                              A57      A57      264     14AE       0
                text24                             1F40     1F40       24     3E80       0
                text23                              80C      80C       76     1018       0
                text22                             1384     1384       8D     2708       0
                text21                             14B5     14B5      10F     296A       0
                text20                             1E8E     1E8E       15     3D1C       0
                text19                             1F89     1F89       26     3F12       0
                text18                              7FE      7FE        1        8       0
                text17                             11E2     11E2       56     23C4       0
                text16                             1FD6     1FD6       2A     3FAC       0
                text15                             1094     1094       3A     2128       0
                text14                             1EA3     1EA3       1B     3D46       0
                text13                             15C4     15C4      119     2B88       0
                text12                             1F64     1F64       25     3EC8       0
                text11                             1238     1238       58     2470       0
                text10                             16DD     16DD      123     2DBA       0
                text9                              1004     1004       2B     2008       0
                text8                              1EDA     1EDA       21     3DB4       0
                text7                              12FB     12FB       89     25F6       0
                text6                              102F     102F       2F     205E       0
                text5                              1E41     1E41       11     3C82       0
                text4                              105E     105E       36     20BC       0
                text3                              1EBE     1EBE       1C     3D7C       0
                text2                              1E65     1E65       14     3CCA       0
                text1                              1290     1290       6B     2520       0
                maintext                           1F1D     1F1D       23     3E3A       0
                cstackBANK0                          20       20       4C       20       1
                cstackCOMMON                         70       70        E       70       1
                cstackBANK1                          A0       A0       3C       A0       1
                cstackBANK3                         190      190        F      190       1
                clrtext                            1E39     1E39        8     3C72       0
                inittext                           1E52     1E52       13     3CA4       0
                bssBANK2                            110      110       50      110       1
                dataBANK3                           19F      19F        8      190       1
                bssBANK1                             DC       DC       13       A0       1
                bssBANK0                             6C       6C        4       20       1
                strings                            1800     1800       2A     3000       0
                idataBANK3                          804      804        8     1008       0

TOTAL           Name                               Link     Load   Length     Space
        CLASS   CODE           
                end_init                             12       12        3         0
                cinit                                15       15       27         0
                intentry                              4        4        E         0
                reset_vec                             0        0        3         0
                text13_split_1                       3C       3C      6FF         0
                text37                             1EFB     1EFB       22         0
                text36                             1E79     1E79       15         0
                text35                             114B     114B       49         0
                text34                             10CE     10CE       3B         0
                text33                             1109     1109       42         0
                text32                              73B      73B       B8         0
                text31                              882      882      1D5         0
                text30                             1194     1194       4E         0
                text29                             1411     1411       A4         0
                text28                             1FAF     1FAF       27         0
                text27                              CBB      CBB      345         0
                text26                              7F3      7F3        B         0
                text25                              A57      A57      264         0
                text24                             1F40     1F40       24         0
                text23                              80C      80C       76         0
                text22                             1384     1384       8D         0
                text21                             14B5     14B5      10F         0
                text20                             1E8E     1E8E       15         0
                text19                             1F89     1F89       26         0
                text18                              7FE      7FE        1         0
                text17                             11E2     11E2       56         0
                text16                             1FD6     1FD6       2A         0
                text15                             1094     1094       3A         0
                text14                             1EA3     1EA3       1B         0
                text13                             15C4     15C4      119         0
                text12                             1F64     1F64       25         0
                text11                             1238     1238       58         0
                text10                             16DD     16DD      123         0
                text9                              1004     1004       2B         0
                text8                              1EDA     1EDA       21         0
                text7                              12FB     12FB       89         0
                text6                              102F     102F       2F         0
                text5                              1E41     1E41       11         0
                text4                              105E     105E       36         0
                text3                              1EBE     1EBE       1C         0
                text2                              1E65     1E65       14         0
                text1                              1290     1290       6B         0
                maintext                           1F1D     1F1D       23         0
                clrtext                            1E39     1E39        8         0
                inittext                           1E52     1E52       13         0
                idataBANK3                          804      804        8         0

        CLASS   STRCODE        

        CLASS   STRING         
                strings                            1800     1800       2A         0

        CLASS   CONST          

        CLASS   ENTRY          

        CLASS   COMMON         
                cstackCOMMON                         70       70        E         1

        CLASS   BANK0          
                cstackBANK0                          20       20       4C         1
                bssBANK0                             6C       6C        4         1

        CLASS   BANK1          
                cstackBANK1                          A0       A0       3C         1
                bssBANK1                             DC       DC       13         1

        CLASS   BANK2          
                bssBANK2                            110      110       50         1

        CLASS   BANK3          
                cstackBANK3                         190      190        F         1
                dataBANK3                           19F      19F        8         1

        CLASS   RAM            

        CLASS   ABS1           
                abs_s1                               7E       7E        2         1

        CLASS   SFR0           

        CLASS   SFR1           

        CLASS   SFR2           

        CLASS   SFR3           

        CLASS   CONFIG         
                config                             2007     2007        1         4

        CLASS   IDLOC          

        CLASS   EEDATA         

        CLASS   HEAP           

        CLASS   STACK          



SEGMENTS        Name                           Load    Length   Top    Selector   Space  Class     Delta

                reset_vec                      000000  000003  000003         0       0  CODE        2
                intentry                       000004  0007FB  0007FF         8       0  CODE        2
                cstackBANK0                    000020  000050  000070        20       1  BANK0       1
                cstackCOMMON                   000070  00000E  00007E        70       1  COMMON      1
                cstackBANK1                    0000A0  00004F  0000EF        A0       1  BANK1       1
                bssBANK2                       000110  000050  000160       110       1  BANK2       1
                cstackBANK3                    000190  000017  0001A7       190       1  BANK3       1
                idataBANK3                     000804  000008  00080C      1008       0  CODE        2
                text23                         00080C  000076  000882      1018       0  CODE        2
                text31                         000882  0001D5  000A57      1104       0  CODE        2
                text25                         000A57  000264  000CBB      14AE       0  CODE        2
                text27                         000CBB  000345  001000      1976       0  CODE        2
                text9                          001004  00002B  00102F      2008       0  CODE        2
                text6                          00102F  00002F  00105E      205E       0  CODE        2
                text4                          00105E  000036  001094      20BC       0  CODE        2
                text15                         001094  00003A  0010CE      2128       0  CODE        2
                text34                         0010CE  00003B  001109      219C       0  CODE        2
                text33                         001109  000042  00114B      2212       0  CODE        2
                text35                         00114B  000049  001194      2296       0  CODE        2
                text30                         001194  00004E  0011E2      2328       0  CODE        2
                text17                         0011E2  000056  001238      23C4       0  CODE        2
                text11                         001238  000058  001290      2470       0  CODE        2
                text1                          001290  00006B  0012FB      2520       0  CODE        2
                text7                          0012FB  000089  001384      25F6       0  CODE        2
                text22                         001384  00008D  001411      2708       0  CODE        2
                text29                         001411  0000A4  0014B5      2822       0  CODE        2
                text21                         0014B5  00010F  0015C4      296A       0  CODE        2
                text13                         0015C4  000119  0016DD      2B88       0  CODE        2
                text10                         0016DD  000123  001800      2DBA       0  CODE        2
                strings                        001800  00002A  00182A      3000       0  STRING      2
                clrtext                        001E39  000008  001E41      3C72       0  CODE        2
                text5                          001E41  000011  001E52      3C82       0  CODE        2
                inittext                       001E52  000013  001E65      3CA4       0  CODE        2
                text2                          001E65  000014  001E79      3CCA       0  CODE        2
                text36                         001E79  000015  001E8E      3CF2       0  CODE        2
                text20                         001E8E  000015  001EA3      3D1C       0  CODE        2
                text14                         001EA3  00001B  001EBE      3D46       0  CODE        2
                text3                          001EBE  00001C  001EDA      3D7C       0  CODE        2
                text8                          001EDA  000021  001EFB      3DB4       0  CODE        2
                text37                         001EFB  000022  001F1D      3DF6       0  CODE        2
                maintext                       001F1D  000023  001F40      3E3A       0  CODE        2
                text24                         001F40  000024  001F64      3E80       0  CODE        2
                text12                         001F64  000025  001F89      3EC8       0  CODE        2
                text19                         001F89  000026  001FAF      3F12       0  CODE        2
                text28                         001FAF  000027  001FD6      3F5E       0  CODE        2
                text16                         001FD6  00002A  002000      3FAC       0  CODE        2


UNUSED ADDRESS RANGES

        Name                Unused          Largest block    Delta
        BANK1            0000EF-0000EF                1           1
        BANK2            000160-00016F               10           1
        BANK3            0001A7-0001EF               49           1
        CODE             000003-000003                1           2
                         0007FF-000803                1
                         001000-001003                4
                         00182A-001E38              60F
        CONST            000003-000003                1           2
                         0007FF-000803                1
                         001000-001003                4
                         00182A-001E38              100
        EEDATA           002100-0021FF              100           2
        ENTRY            000003-000003                1           2
                         0007FF-000803                1
                         001000-001003                4
                         00182A-001E38              100
        IDLOC            002000-002003                4           2
        RAM              0000EF-0000EF                1           1
                         000160-00016F               10
                         0001A7-0001EF               49
        SFR0             000000-00001F               20           1
        SFR1             000080-00009F               20           1
        SFR2             000100-00010F               10           1
        SFR3             000180-00018F               10           1
        STRCODE          000003-000003                1           2
                         0007FF-000803                5
                         001000-001003                4
                         00182A-001E38              60F
        STRING           000003-000003                1           2
                         0007FF-000803                1
                         001000-001003                4
                         00182A-001E38              100

                                  Symbol Table

?__Umul8_16                 cstackCOMMON 000070
?___fladd                   cstackCOMMON 000070
?___fldiv                   cstackCOMMON 000070
?___flmul                   cstackBANK0  000020
?___flneg                   cstackCOMMON 000070
?___flsub                   cstackBANK0  00003A
?___fltol                   cstackCOMMON 000070
?___fpclassifyf             cstackCOMMON 000070
?___wmul                    cstackCOMMON 000070
?___xxtofl                  cstackCOMMON 000070
?_floorf                    cstackBANK0  00002D
?_labs                      cstackCOMMON 000070
?_read_prec_or_width        cstackCOMMON 000076
?_sprintf                   cstackBANK1  0000D1
?_vfprintf                  cstackBANK1  0000CF
ADC_Read@F1358              dataBANK3    00019F
ADC_Read@channel            cstackBANK3  000194
ADC_Read@channel_num        cstackBANK3  00019C
ISR@AN0_RES                 cstackBANK1  0000DA
ISR@temperature             cstackBANK1  0000D6
LCD_CMD@CMD                 cstackBANK3  000192
LCD_DATA_4BIT@data          cstackBANK3  000190
LCD_SET_CURSOR@c            cstackCOMMON 000073
LCD_SET_CURSOR@high4        cstackCOMMON 000076
LCD_SET_CURSOR@low4         cstackCOMMON 000077
LCD_SET_CURSOR@r            cstackCOMMON 000075
LCD_SET_CURSOR@temp         cstackCOMMON 000078
LCD_WRITE_CHAR@data         cstackCOMMON 000074
LCD_WRITE_CHAR@high4        cstackCOMMON 000073
LCD_WRITE_CHAR@low4         cstackCOMMON 000072
LCD_WRITE_STRING@i          cstackCOMMON 00007A
LCD_WRITE_STRING@str        cstackCOMMON 000075
_ADCON0                     (abs)        00001F
_ADCON1                     (abs)        00009F
_ADC_Read                   text6        00102F
_ADC_init                   text5        001E41
_ADIE                       (abs)        000466
_ADIF                       (abs)        000066
_ADRESH                     (abs)        00001E
_ADRESL                     (abs)        00009E
_GIE                        (abs)        00005F
_GO_DONE                    (abs)        0000FA
_ISR                        text7        0012FB
_LCD_CLEAR                  text2        001E65
_LCD_CMD                    text3        001EBE
_LCD_DATA_4BIT              text4        00105E
_LCD_INIT                   text1        001290
_LCD_SET_CURSOR             text35       00114B
_LCD_WRITE_CHAR             text34       0010CE
_LCD_WRITE_STRING           text33       001109
_PEIE                       (abs)        00005E
_RB0                        (abs)        000030
_RB1                        (abs)        000031
_RB2                        (abs)        000032
_RB3                        (abs)        000033
_RB4                        (abs)        000034
_RB5                        (abs)        000035
_TRISB                      (abs)        000086
_TRISB4                     (abs)        000434
_TRISB5                     (abs)        000435
__H__absolute__             __absolute__ 000000
__Habs1                     abs1         000000
__Hbank0                    bank0        000000
__Hbank1                    bank1        000000
__Hbank2                    bank2        000000
__Hbank3                    bank3        000000
__HbssBANK0                 bssBANK0     000000
__HbssBANK1                 bssBANK1     000000
__HbssBANK2                 bssBANK2     000000
__Hcinit                    cinit        00003C
__Hclrtext                  clrtext      000000
__Hcode                     code         000000
__Hcommon                   common       000000
__Hconfig                   config       002008
__HcstackBANK0              cstackBANK0  000000
__HcstackBANK1              cstackBANK1  000000
__HcstackBANK3              cstackBANK3  000000
__HcstackCOMMON             cstackCOMMON 000000
__HdataBANK3                dataBANK3    000000
__Heeprom_data              eeprom_data  000000
__Hend_init                 end_init     000015
__Hfunctab                  functab      000000
__Hheap                     heap         000000
__HidataBANK3               idataBANK3   000000
__Hinit                     init         000012
__Hinittext                 inittext     000000
__Hintentry                 intentry     000012
__Hmaintext                 maintext     000000
__Hpowerup                  powerup      000000
__Hram                      ram          000000
__Hreset_vec                reset_vec    000003
__Hsfr0                     sfr0         000000
__Hsfr1                     sfr1         000000
__Hsfr2                     sfr2         000000
__Hsfr3                     sfr3         000000
__Hspace_0                  (abs)        002000
__Hspace_1                  (abs)        0001A7
__Hspace_2                  (abs)        000000
__Hspace_3                  (abs)        000000
__Hspace_4                  (abs)        00400F
__Hstack                    stack        000000
__Hstrings                  strings      000000
__Htext                     text         000000
__L__absolute__             __absolute__ 000000
__Labs1                     abs1         000000
__Lbank0                    bank0        000000
__Lbank1                    bank1        000000
__Lbank2                    bank2        000000
__Lbank3                    bank3        000000
__LbssBANK0                 bssBANK0     000000
__LbssBANK1                 bssBANK1     000000
__LbssBANK2                 bssBANK2     000000
__Lcinit                    cinit        000015
__Lclrtext                  clrtext      000000
__Lcode                     code         000000
__Lcommon                   common       000000
__Lconfig                   config       000000
__LcstackBANK0              cstackBANK0  000000
__LcstackBANK1              cstackBANK1  000000
__LcstackBANK3              cstackBANK3  000000
__LcstackCOMMON             cstackCOMMON 000000
__LdataBANK3                dataBANK3    000000
__Leeprom_data              eeprom_data  000000
__Lend_init                 end_init     000012
__Lfunctab                  functab      000000
__Lheap                     heap         000000
__LidataBANK3               idataBANK3   000000
__Linit                     init         000012
__Linittext                 inittext     000000
__Lintentry                 intentry     000004
__Lmaintext                 maintext     000000
__Lpowerup                  powerup      000000
__Lram                      ram          000000
__Lreset_vec                reset_vec    000000
__Lsfr0                     sfr0         000000
__Lsfr1                     sfr1         000000
__Lsfr2                     sfr2         000000
__Lsfr3                     sfr3         000000
__Lspace_0                  (abs)        000000
__Lspace_1                  (abs)        000000
__Lspace_2                  (abs)        000000
__Lspace_3                  (abs)        000000
__Lspace_4                  (abs)        000000
__Lstack                    stack        000000
__Lstrings                  strings      000000
__Ltext                     text         000000
__S0                        (abs)        002000
__S1                        (abs)        0001A7
__S3                        (abs)        000000
__Umul8_16                  text28       001FAF
__Umul8_16@multiplicand     cstackCOMMON 000070
__Umul8_16@multiplier       cstackCOMMON 000078
__Umul8_16@product          cstackCOMMON 000074
__Umul8_16@word_mpld        cstackCOMMON 000076
___fladd                    text25       000A57
___fladd@a                  cstackCOMMON 000074
___fladd@aexp               cstackCOMMON 000079
___fladd@b                  cstackCOMMON 000070
___fladd@bexp               cstackCOMMON 00007A
___fladd@grs                cstackCOMMON 00007B
___fladd@signs              cstackCOMMON 000078
___fldiv                    text31       000882
___fldiv@a                  cstackCOMMON 000070
___fldiv@aexp               cstackBANK0  00002C
___fldiv@b                  cstackCOMMON 000074
___fldiv@bexp               cstackBANK0  00002B
___fldiv@grs                cstackBANK0  000027
___fldiv@new_exp            cstackBANK0  000025
___fldiv@rem                cstackBANK0  000020
___fldiv@sign               cstackBANK0  000024
___fleq                     text30       001194
___fleq@ff1                 cstackCOMMON 000070
___fleq@ff2                 cstackCOMMON 000074
___flge                     text29       001411
___flge@ff1                 cstackBANK0  00003A
___flge@ff2                 cstackBANK0  00003E
___flmul                    text27       000CBB
___flmul@a                  cstackBANK0  000024
___flmul@aexp               cstackBANK0  000032
___flmul@b                  cstackBANK0  000020
___flmul@bexp               cstackBANK0  000033
___flmul@grs                cstackBANK0  00002E
___flmul@prod               cstackBANK0  000034
___flmul@sign               cstackBANK0  00002D
___flmul@temp               cstackBANK0  000038
___flneg                    text26       0007F3
___flneg@f1                 cstackCOMMON 000070
___flsub                    text24       001F40
___flsub@a                  cstackBANK0  00003A
___flsub@b                  cstackBANK0  00003E
___fltol                    text23       00080C
___fltol@exp1               cstackCOMMON 000079
___fltol@f1                 cstackCOMMON 000070
___fltol@sign1              cstackCOMMON 000078
___fpclassifyf              text22       001384
___fpclassifyf@F465         bssBANK1     0000E0
___fpclassifyf@e            cstackBANK0  000020
___fpclassifyf@u            cstackBANK0  000022
___fpclassifyf@x            cstackCOMMON 000070
___heap_hi                  (abs)        000000
___heap_lo                  (abs)        000000
___int_sp                   stack        000000
___int_stack_hi             stack        000000
___int_stack_lo             stack        000000
___latbits                  (abs)        000002
___sp                       stack        000000
___stack_hi                 stack        000000
___stack_lo                 stack        000000
___stackhi                  (abs)        000000
___stacklo                  (abs)        000000
___wmul                     text12       001F64
___wmul@multiplicand        cstackCOMMON 000072
___wmul@multiplier          cstackCOMMON 000070
___wmul@product             cstackCOMMON 000074
___xxtofl                   text32       00073B
___xxtofl@arg               cstackCOMMON 00007A
___xxtofl@exp               cstackCOMMON 000079
___xxtofl@sign              cstackCOMMON 000078
___xxtofl@val               cstackCOMMON 000070
__end_of_ADC_Read           text6        00105E
__end_of_ADC_init           text5        001E52
__end_of_ISR                text7        001384
__end_of_LCD_CLEAR          text2        001E79
__end_of_LCD_CMD            text3        001EDA
__end_of_LCD_DATA_4BIT      text4        001094
__end_of_LCD_INIT           text1        0012FB
__end_of_LCD_SET_CURSOR     text35       001194
__end_of_LCD_WRITE_CHAR     text34       001109
__end_of_LCD_WRITE_STRING   text33       00114B
__end_of__Umul8_16          text28       001FD6
__end_of___fladd            text25       000CBB
__end_of___fldiv            text31       000A57
__end_of___fleq             text30       0011E2
__end_of___flge             text29       0014B5
__end_of___flmul            text27       001000
__end_of___flneg            text26       0007FE
__end_of___flsub            text24       001F64
__end_of___fltol            text23       000882
__end_of___fpclassifyf      text22       001411
__end_of___wmul             text12       001F89
__end_of___xxtofl           text32       0007F3
__end_of__initialization    cinit        000038
__end_of__stringtab         strings      001810
__end_of_efgtoa             text13_split_1 00073B
__end_of_floorf             text21       0015C4
__end_of_fputc              text17       001238
__end_of_fputs              text16       002000
__end_of_labs               text20       001EA3
__end_of_main               maintext     001F40
__end_of_memcpy             text19       001FAF
__end_of_pad                text15       0010CE
__end_of_putch              text18       0007FF
__end_of_read_prec_or_width text11       001290
__end_of_sprintf            text8        001EFB
__end_of_strcpy             text14       001EBE
__end_of_vfpfcnvrt          text10       001800
__end_of_vfprintf           text9        00102F
__end_ofi1_LCD_CMD          text36       001E8E
__end_ofi1_LCD_DATA_4BIT    text37       001F1D
__initialization            cinit        000015
__pbssBANK0                 bssBANK0     00006C
__pbssBANK1                 bssBANK1     0000DC
__pbssBANK2                 bssBANK2     000110
__pcstackBANK0              cstackBANK0  000020
__pcstackBANK1              cstackBANK1  0000A0
__pcstackBANK3              cstackBANK3  000190
__pcstackCOMMON             cstackCOMMON 000070
__pdataBANK3                dataBANK3    00019F
__pidataBANK3               idataBANK3   000804
__pintentry                 intentry     000004
__pmaintext                 maintext     001F1D
__pstrings                  strings      001800
__ptext1                    text1        001290
__ptext10                   text10       0016DD
__ptext11                   text11       001238
__ptext12                   text12       001F64
__ptext13                   text13       0015C4
__ptext14                   text14       001EA3
__ptext15                   text15       001094
__ptext16                   text16       001FD6
__ptext17                   text17       0011E2
__ptext18                   text18       0007FE
__ptext19                   text19       001F89
__ptext2                    text2        001E65
__ptext20                   text20       001E8E
__ptext21                   text21       0014B5
__ptext22                   text22       001384
__ptext23                   text23       00080C
__ptext24                   text24       001F40
__ptext25                   text25       000A57
__ptext26                   text26       0007F3
__ptext27                   text27       000CBB
__ptext28                   text28       001FAF
__ptext29                   text29       001411
__ptext3                    text3        001EBE
__ptext30                   text30       001194
__ptext31                   text31       000882
__ptext32                   text32       00073B
__ptext33                   text33       001109
__ptext34                   text34       0010CE
__ptext35                   text35       00114B
__ptext36                   text36       001E79
__ptext37                   text37       001EFB
__ptext4                    text4        00105E
__ptext5                    text5        001E41
__ptext6                    text6        00102F
__ptext7                    text7        0012FB
__ptext8                    text8        001EDA
__ptext9                    text9        001004
__stringbase                strings      00180F
__stringtab                 strings      001800
_buffer                     bssBANK1     0000E5
_dbuf                       bssBANK2     000110
_efgtoa                     text13       0015C4
_efgtoa$699                 cstackBANK1  0000A6
_flags                      bssBANK1     0000E4
_floorf                     text21       0014B5
_fputc                      text17       0011E2
_fputs                      text16       001FD6
_labs                       text20       001E8E
_main                       maintext     001F1D
_memcpy                     text19       001F89
_pad                        text15       001094
_prec                       bssBANK0     00006E
_putch                      text18       0007FE
_read_prec_or_width         text11       001238
_sprintf                    text8        001EDA
_strcpy                     text14       001EA3
_vfpfcnvrt                  text10       0016DD
_vfprintf                   text9        001004
_width                      bssBANK0     00006C
btemp                       (abs)        00007E
clear_ram0                  clrtext      001E39
efgtoa@c                    cstackBANK0  00004A
efgtoa@d                    cstackBANK1  0000AB
efgtoa@e                    cstackBANK1  0000B0
efgtoa@f                    cstackBANK0  000046
efgtoa@fp                   cstackBANK1  0000AF
efgtoa@g                    cstackBANK1  0000C5
efgtoa@h                    cstackBANK1  0000BA
efgtoa@i                    cstackBANK1  0000B8
efgtoa@l                    cstackBANK1  0000BE
efgtoa@m                    cstackBANK1  0000AD
efgtoa@mode                 cstackBANK1  0000A9
efgtoa@n                    cstackBANK1  0000C3
efgtoa@ne                   cstackBANK1  0000A0
efgtoa@nmode                cstackBANK1  0000AA
efgtoa@ou                   cstackBANK1  0000B4
efgtoa@p                    cstackBANK1  0000A2
efgtoa@pp                   cstackBANK1  0000A8
efgtoa@sign                 cstackBANK1  0000C2
efgtoa@t                    cstackBANK1  0000A4
efgtoa@u                    cstackBANK1  0000C9
efgtoa@w                    cstackBANK1  0000B2
end_of_initialization       cinit        000038
floorf@F521                 bssBANK1     0000DC
floorf@e                    cstackBANK0  00003B
floorf@m                    cstackBANK0  000037
floorf@u                    cstackBANK0  00003D
floorf@x                    cstackBANK0  00002D
fputc@c                     cstackCOMMON 000070
fputc@fp                    cstackCOMMON 000072
fputs@c                     cstackBANK0  000020
fputs@fp                    cstackCOMMON 000078
fputs@i                     cstackBANK0  000021
fputs@s                     cstackBANK0  000023
i1LCD_CMD@CMD               cstackCOMMON 000072
i1LCD_DATA_4BIT@data        cstackCOMMON 000070
i1_LCD_CMD                  text36       001E79
i1_LCD_DATA_4BIT            text37       001EFB
init_fetch0                 inittext     001E52
init_ram0                   inittext     001E56
interrupt_function          intentry     000004
intlevel0                   functab      000000
intlevel1                   functab      000000
intlevel2                   functab      000000
intlevel3                   functab      000000
intlevel4                   functab      000000
intlevel5                   functab      000000
labs@a                      cstackCOMMON 000070
memcpy@d                    cstackCOMMON 000075
memcpy@d1                   cstackCOMMON 000074
memcpy@n                    cstackCOMMON 000071
memcpy@s                    cstackCOMMON 000076
memcpy@s1                   cstackCOMMON 000070
memcpy@tmp                  cstackCOMMON 000073
pad@buf                     cstackCOMMON 00007B
pad@fp                      cstackBANK0  000027
pad@i                       cstackBANK0  000025
pad@p                       cstackCOMMON 00007C
pnum$text13                 (abs)        00001D
pnum$text13_split_1         (abs)        000037
psplit$0                    (abs)        1D0037
read_prec_or_width@ap       cstackCOMMON 000076
read_prec_or_width@c        cstackCOMMON 000078
read_prec_or_width@fmt      cstackCOMMON 00007B
read_prec_or_width@n        cstackCOMMON 000079
reset_vec                   reset_vec    000000
saved_w                     (abs)        00007E
sprintf@ap                  cstackBANK0  00005C
sprintf@f                   cstackBANK0  00005D
sprintf@fmt                 cstackBANK1  0000D1
sprintf@s                   cstackBANK0  00005B
start                       init         000012
start_initialization        cinit        000015
strcpy@d                    cstackCOMMON 000071
strcpy@dest                 cstackCOMMON 000072
strcpy@src                  cstackCOMMON 000070
vfpfcnvrt@ap                cstackBANK1  0000CE
vfpfcnvrt@c                 cstackBANK0  000056
vfpfcnvrt@convarg           cstackBANK0  000051
vfpfcnvrt@cp                cstackBANK0  000057
vfpfcnvrt@fmt               cstackBANK1  0000CD
vfpfcnvrt@fp                cstackBANK0  000055
vfprintf@ap                 cstackBANK1  0000D0
vfprintf@cfmt               cstackBANK0  000059
vfprintf@fmt                cstackBANK1  0000CF
vfprintf@fp                 cstackBANK0  000058
wtemp0                      (abs)        00007E


MODULE INFORMATION

Module		Function		Class		Link	Load	Size
C:\Program Files\Microchip\xc8\v2.45\pic\sources\c99\common\Umul16.c
		___wmul        		CODE           	1F64	0000	37

C:\Program Files\Microchip\xc8\v2.45\pic\sources\c99\common\Umul16.c estimated size: 37

C:\Program Files\Microchip\xc8\v2.45\pic\sources\c99\common\fleq.c
		___fleq        		CODE           	1194	0000	78

C:\Program Files\Microchip\xc8\v2.45\pic\sources\c99\common\fleq.c estimated size: 78

C:\Program Files\Microchip\xc8\v2.45\pic\sources\c99\common\memcpy.c
		_memcpy        		CODE           	1F89	0000	38

C:\Program Files\Microchip\xc8\v2.45\pic\sources\c99\common\memcpy.c estimated size: 38

C:\Program Files\Microchip\xc8\v2.45\pic\sources\c99\common\flneg.c
		___flneg       		CODE           	07F3	0000	11

C:\Program Files\Microchip\xc8\v2.45\pic\sources\c99\common\flneg.c estimated size: 11

C:\Program Files\Microchip\xc8\v2.45\pic\sources\c99\common\sprcmul.c
		___flmul       		CODE           	0CBB	0000	837

C:\Program Files\Microchip\xc8\v2.45\pic\sources\c99\common\sprcmul.c estimated size: 837

C:\Program Files\Microchip\xc8\v2.45\pic\sources\c99\common\labs.c
		_labs          		CODE           	1E8E	0000	21

C:\Program Files\Microchip\xc8\v2.45\pic\sources\c99\common\labs.c estimated size: 21

C:\Program Files\Microchip\xc8\v2.45\pic\sources\c99\common\nf_fputs.c
		_fputs         		CODE           	1FD6	0000	42

C:\Program Files\Microchip\xc8\v2.45\pic\sources\c99\common\nf_fputs.c estimated size: 42

C:\Program Files\Microchip\xc8\v2.45\pic\sources\c99\common\sprcdiv.c
		___fldiv       		CODE           	0882	0000	469

C:\Program Files\Microchip\xc8\v2.45\pic\sources\c99\common\sprcdiv.c estimated size: 469

C:\Program Files\Microchip\xc8\v2.45\pic\sources\c99\common\floorf.c
		_floorf        		CODE           	14B5	0000	271

C:\Program Files\Microchip\xc8\v2.45\pic\sources\c99\common\floorf.c estimated size: 271

C:\Program Files\Microchip\xc8\v2.45\pic\sources\c99\common\nf_sprintf.c
		_sprintf       		CODE           	1EDA	0000	33

C:\Program Files\Microchip\xc8\v2.45\pic\sources\c99\common\nf_sprintf.c estimated size: 33

C:\Program Files\Microchip\xc8\v2.45\pic\sources\c99\common\putch.c
		_putch         		CODE           	07FE	0000	1

C:\Program Files\Microchip\xc8\v2.45\pic\sources\c99\common\putch.c estimated size: 1

C:\Program Files\Microchip\xc8\v2.45\pic\sources\c99\common\flge.c
		___flge        		CODE           	1411	0000	164

C:\Program Files\Microchip\xc8\v2.45\pic\sources\c99\common\flge.c estimated size: 164

shared
		__stringtab    		STRING         	1800	0000	16
		i1_LCD_CMD     		CODE           	1E79	0000	21
		i1_LCD_DATA_4BIT		CODE           	1EFB	0000	34
		__initialization		CODE           	0015	0000	35

shared estimated size: 106

C:\Program Files\Microchip\xc8\v2.45\pic\sources\c99\common\xxtofl.c
		___xxtofl      		CODE           	073B	0000	184

C:\Program Files\Microchip\xc8\v2.45\pic\sources\c99\common\xxtofl.c estimated size: 184

C:\Program Files\Microchip\xc8\v2.45\pic\sources\c99\common\__fpclassifyf.c
		___fpclassifyf 		CODE           	1384	0000	141

C:\Program Files\Microchip\xc8\v2.45\pic\sources\c99\common\__fpclassifyf.c estimated size: 141

C:\Program Files\Microchip\xc8\v2.45\pic\sources\c99\common\strcpy.c
		_strcpy        		CODE           	1EA3	0000	27

C:\Program Files\Microchip\xc8\v2.45\pic\sources\c99\common\strcpy.c estimated size: 27

C:\Program Files\Microchip\xc8\v2.45\pic\sources\c99\common\Umul8_16.c
		__Umul8_16     		CODE           	1FAF	0000	39

C:\Program Files\Microchip\xc8\v2.45\pic\sources\c99\common\Umul8_16.c estimated size: 39

C:\Program Files\Microchip\xc8\v2.45\pic\sources\c99\common\sprcadd.c
		___flsub       		CODE           	1F40	0000	36
		___fladd       		CODE           	0A57	0000	612

C:\Program Files\Microchip\xc8\v2.45\pic\sources\c99\common\sprcadd.c estimated size: 648

main.c
		_ISR           		CODE           	12FB	0000	137
		_main          		CODE           	1F1D	0000	35
		_ADC_init      		CODE           	1E41	0000	17
		_ADC_Read      		CODE           	102F	0000	47

main.c estimated size: 236

C:\Program Files\Microchip\xc8\v2.45\pic\sources\c99\common\nf_fputc.c
		_fputc         		CODE           	11E2	0000	86

C:\Program Files\Microchip\xc8\v2.45\pic\sources\c99\common\nf_fputc.c estimated size: 86

C:\Program Files\Microchip\xc8\v2.45\pic\sources\c99\common\doprnt.c
		_read_prec_or_width		CODE           	1238	0000	88
		_vfpfcnvrt     		CODE           	16DD	0000	291
		_efgtoa        		CODE           	15C4	0000	2072
		_pad           		CODE           	1094	0000	58
		_vfprintf      		CODE           	1004	0000	43

C:\Program Files\Microchip\xc8\v2.45\pic\sources\c99\common\doprnt.c estimated size: 2552

C:\Program Files\Microchip\xc8\v2.45\pic\sources\c99\common\fltol.c
		___fltol       		CODE           	080C	0000	118

C:\Program Files\Microchip\xc8\v2.45\pic\sources\c99\common\fltol.c estimated size: 118

LCD.c
		_LCD_WRITE_CHAR		CODE           	10CE	0000	59
		_LCD_INIT      		CODE           	1290	0000	107
		_LCD_CMD       		CODE           	1EBE	0000	28
		_LCD_DATA_4BIT 		CODE           	105E	0000	54
		_LCD_SET_CURSOR		CODE           	114B	0000	73
		_LCD_CLEAR     		CODE           	1E65	0000	20
		_LCD_WRITE_STRING		CODE           	1109	0000	66

LCD.c estimated size: 407

